layer at (0,0) size 320x764
  RenderView at (0,0) size 320x483
layer at (0,0) size 320x764
  RenderBlock {HTML} at (0,0) size 320x764
    RenderBody {BODY} at (8,8) size 304x748
      RenderBlock {DIV} at (30,30) size 126x126 [border: (21px none #000000) (30px none #000000) (21px none #000000)]
      RenderText {#text} at (0,0) size 0x0
      RenderBlock {DIV} at (30,216) size 126x126 [border: (21px none #000000) (30px none #000000) (21px none #000000)]
      RenderText {#text} at (186,357) size 4x19
        text run at (186,357) width 4: " "
      RenderBR {BR} at (0,0) size 0x0
      RenderBlock {DIV} at (30,406) size 126x126 [border: (21px none #000000) (30px none #000000) (21px none #000000)]
      RenderText {#text} at (0,0) size 0x0
      RenderBlock {DIV} at (30,592) size 126x126 [border: (21px none #000000) (30px none #000000) (21px none #000000)]
      RenderText {#text} at (0,0) size 0x0
