layer at (0,0) size 366x483
  RenderView at (0,0) size 320x483
layer at (-46,0) size 366x483 backgroundClip at (0,0) size 366x483 clip at (0,0) size 366x483 outlineClip at (0,0) size 366x483
  RenderBlock {HTML} at (0,0) size 366x483
    RenderBody {BODY} at (8,8) size 350x467
      RenderBlock {DIV} at (0,0) size 350x467
        RenderInline {SPAN} at (0,0) size 230x37 [border: (21px none #000000) (30px none #000000) (21px none #000000)]
          RenderText {#text} at (85,46) size 29x7
            text run at (85,46) width 7: " "
          RenderBR {BR} at (108,52) size 0x1
          RenderText {#text} at (235,25) size 29x7
            text run at (235,25) width 7: " "
