layer at (0,0) size 320x483
  RenderView at (0,0) size 320x483
layer at (0,0) size 320x483
  RenderBlock {HTML} at (0,0) size 320x483
    RenderBody {BODY} at (8,8) size 304x467
      RenderBlock {DIV} at (0,0) size 304x350
        RenderInline {SPAN} at (0,0) size 37x230 [border: (21px none #000000) (30px none #000000) (21px none #000000)]
          RenderText {#text} at (46,85) size 7x29
            text run at (46,85) width 7: " "
          RenderBR {BR} at (52,108) size 1x0
          RenderText {#text} at (25,235) size 7x29
            text run at (25,235) width 7: " "
