layer at (0,0) size 320x483
  RenderView at (0,0) size 320x483
layer at (0,0) size 320x483
  RenderBlock {HTML} at (0,0) size 320x483
    RenderBody {BODY} at (8,8) size 304x467
      RenderText {#text} at (0,0) size 0x0
layer at (8,8) size 120x412
  RenderInline {SPAN} at (0,0) size 120x412 [bgcolor=#808080]
    RenderText {#text} at (22,75) size 28x337
      text run at (22,75) width 337: "This content should be masked"
    RenderBR {BR} at (44,411) size 0x1
    RenderText {#text} at (94,0) size 28x176
      text run at (94,0) width 176: "with a soft glow."
